Resolving dependencies...
Downloading packages...
  app_links 6.4.1 (7.0.0 available)
  archive 3.6.1 (4.0.7 available)
  characters 1.4.0 (1.4.1 available)
  fl_chart 0.63.0 (1.1.1 available)
  flutter_lints 3.0.2 (6.0.0 available)
  flutter_local_notifications 17.2.4 (20.1.0 available)
  flutter_local_notifications_linux 4.0.1 (7.0.0 available)
  flutter_local_notifications_platform_interface 7.2.0 (10.0.0 available)
  intl 0.19.0 (0.20.2 available)
  lints 3.0.0 (6.1.0 available)
  lottie 2.7.0 (3.3.2 available)
  matcher 0.12.17 (0.12.18 available)
  material_color_utilities 0.11.1 (0.13.0 available)
  meta 1.17.0 (1.18.1 available)
  permission_handler 11.4.0 (12.0.1 available)
  permission_handler_android 12.1.0 (13.0.1 available)
  petitparser 7.0.1 (7.0.2 available)
  test_api 0.7.7 (0.7.9 available)
  timezone 0.9.4 (0.11.0 available)
Got dependencies!
19 packages have newer versions incompatible with dependency constraints.
Try `flutter pub outdated` for more information.
Running Gradle task 'assembleRelease'...                        
flutter : warning: [options] source value 8 is obsolete and will be removed in 
a future release
At line:1 char:1
+ flutter build apk --split-per-abi > build_output.txt 2>&1 ; Write-Hos ...
+ ~~~~~~~~~~~~~~~~~~~~~~~~~~~~~~~~~~~~~~~~~~~~~~~~~~~~~~~~~
    + CategoryInfo          : NotSpecified: (warning: [optio... future release 
   :String) [], RemoteException
    + FullyQualifiedErrorId : NativeCommandError
 
warning: [options] target value 8 is obsolete and will be removed in a future 
release
warning: [options] To suppress warnings about obsolete options, use 
-Xlint:-options.
3 warnings

FAILURE: Build failed with an exception.

* What went wrong:
Execution failed for task ':app:extractReleaseNativeSymbolTables'.
> Cannot access output property 'outputDir' of task 
':app:extractReleaseNativeSymbolTables'. Accessing unreadable inputs or 
outputs is not supported. Declare the task as untracked by using 
Task.doNotTrackState(). For more information, please refer to https://docs.grad
le.org/8.14/userguide/incremental_build.html#sec:disable-state-tracking in the 
Gradle documentation.
   > Failed to create MD5 hash for file 'C:\Users\skris\Desktop\kriara\build\ap
p\intermediates\native_symbol_tables\release\extractReleaseNativeSymbolTables\o
ut\armeabi-v7a\libflutter.so.sym.temp-stream-0f8606' as it does not exist.

* Try:
> Run with --stacktrace option to get the stack trace.
> Run with --info or --debug option to get more log output.
> Run with --scan to get full insights.
> Get more help at https://help.gradle.org.

BUILD FAILED in 3m 46s
Running Gradle task 'assembleRelease'...                          244.0s
Gradle task assembleRelease failed with exit code 1
